// Jest Snapshot v1, https://goo.gl/fbAQLP

exports[`ExcelUpload renders correctly. 1`] = `
ShallowWrapper {
  Symbol(enzyme.__root__): [Circular],
  Symbol(enzyme.__unrendered__): <ExcelUpload />,
  Symbol(enzyme.__renderer__): Object {
    "batchedUpdates": [Function],
    "getNode": [Function],
    "render": [Function],
    "simulateError": [Function],
    "simulateEvent": [Function],
    "unmount": [Function],
  },
  Symbol(enzyme.__node__): Object {
    "instance": null,
    "key": undefined,
    "nodeType": "host",
    "props": Object {
      "children": Array [
        <input
          accept="application/vnd.openxmlformats-officedocument.spreadsheetml.sheet, application/vnd.ms-excel"
          className="file_btn"
          onChange={[Function]}
          type="file"
        />,
        <input
          className="upload_btn"
          onClick={[Function]}
          type="button"
          value="UPLOAD EXCEL"
        />,
      ],
      "className": "upload-box",
    },
    "ref": null,
    "rendered": Array [
      Object {
        "instance": null,
        "key": undefined,
        "nodeType": "host",
        "props": Object {
          "accept": "application/vnd.openxmlformats-officedocument.spreadsheetml.sheet, application/vnd.ms-excel",
          "className": "file_btn",
          "onChange": [Function],
          "type": "file",
        },
        "ref": "input_file",
        "rendered": null,
        "type": "input",
      },
      Object {
        "instance": null,
        "key": undefined,
        "nodeType": "host",
        "props": Object {
          "className": "upload_btn",
          "onClick": [Function],
          "type": "button",
          "value": "UPLOAD EXCEL",
        },
        "ref": null,
        "rendered": null,
        "type": "input",
      },
    ],
    "type": "div",
  },
  Symbol(enzyme.__nodes__): Array [
    Object {
      "instance": null,
      "key": undefined,
      "nodeType": "host",
      "props": Object {
        "children": Array [
          <input
            accept="application/vnd.openxmlformats-officedocument.spreadsheetml.sheet, application/vnd.ms-excel"
            className="file_btn"
            onChange={[Function]}
            type="file"
          />,
          <input
            className="upload_btn"
            onClick={[Function]}
            type="button"
            value="UPLOAD EXCEL"
          />,
        ],
        "className": "upload-box",
      },
      "ref": null,
      "rendered": Array [
        Object {
          "instance": null,
          "key": undefined,
          "nodeType": "host",
          "props": Object {
            "accept": "application/vnd.openxmlformats-officedocument.spreadsheetml.sheet, application/vnd.ms-excel",
            "className": "file_btn",
            "onChange": [Function],
            "type": "file",
          },
          "ref": "input_file",
          "rendered": null,
          "type": "input",
        },
        Object {
          "instance": null,
          "key": undefined,
          "nodeType": "host",
          "props": Object {
            "className": "upload_btn",
            "onClick": [Function],
            "type": "button",
            "value": "UPLOAD EXCEL",
          },
          "ref": null,
          "rendered": null,
          "type": "input",
        },
      ],
      "type": "div",
    },
  ],
  Symbol(enzyme.__options__): Object {
    "adapter": ReactSixteenAdapter {
      "options": Object {
        "enableComponentDidUpdateOnSetState": true,
        "lifecycles": Object {
          "componentDidUpdate": Object {
            "onSetState": true,
          },
          "getDerivedStateFromProps": true,
          "getSnapshotBeforeUpdate": true,
          "setState": Object {
            "skipsComponentDidUpdateOnNullish": true,
          },
        },
      },
    },
  },
}
`;
